1
2
3
4
7
8
9
10
11
14
5
12
6
13
0
