2
9
1
8
3
5
10
12
4
11
6
13
7
14
0
