2
9
8
1
5
12
10
3
11
4
6
13
14
7
0
